<!DOCTYPE html>
<html>
<head>
  <title>Home</title>
</head>
<body>
  About.
</body>
</html>
