<!DOCTYPE html>
<html>
<head>
  <title>My Website</title>
</head>
<body>
  The home page.
</body>
</html>
