<!DOCTYPE html>
<html>
<head>
  <title>Blog: Home</title>
</head>
<body id="blog">
  Blog.
</body>
</html>
