<!DOCTYPE html>
<html>
<head>
  <title>Blog: Special Article</title>
</head>
<body id="blog">
  The special article.
</body>
</html>
